cargo :     Checking 
windows_x86_64_msvc 
v0.52.6
At line:1 char:47
+ ... ren-build"; 
cargo check --package 
kren-core 
--message-format=short 
2> ...
+                 ~~~~~
~~~~~~~~~~~~~~~~~~~~~~~
~~~~~~~~~~~~~~~~~~~~~~~
~~~~~~
    + CategoryInfo     
         : NotSpecifi  
  ed: (    Checking    
 windows_x86_64_msv    
c v0.52.6:String)     
[], RemoteExceptio    n
    + FullyQualifiedEr 
   rorId : NativeComm  
  andError
 
    Checking thiserror 
v1.0.69
    Checking 
windows-targets v0.52.6
    Checking 
windows-result v0.2.0
    Checking 
windows-strings v0.1.0
    Checking 
windows-core v0.58.0
    Checking windows 
v0.58.0
    Checking kren-core 
v0.1.0 (C:\Users\kolag\
Desktop\kren\kren-core)
kren-core\src\platform\
windows.rs:46:19: 
error[E0599]: no 
method named 
`is_invalid` found for 
enum `std::result::Resu
lt<T, E>` in the 
current scope: method 
not found in `std::resu
lt::Result<HANDLE, wind
ows_result::error::Erro
r>`
kren-core\src\platform\
windows.rs:54:17: 
error[E0271]: type 
mismatch resolving 
`<Result<HANDLE, 
Error> as 
TypeKind>::TypeKind == 
CopyType`: expected 
`CopyType`, found 
`InterfaceType`
kren-core\src\platform\
windows.rs:54:17: 
error[E0277]: the 
trait bound `std::resul
t::Result<HANDLE, windo
ws_result::error::Error
>: Param<HANDLE, 
CopyType>` is not 
satisfied: the trait 
`CanInto<HANDLE>` is 
not implemented for `st
d::result::Result<HANDL
E, windows_result::erro
r::Error>`
kren-core\src\platform\
windows.rs:54:17: 
error[E0277]: the 
trait bound `std::resul
t::Result<HANDLE, windo
ws_result::error::Error
>: Param<HANDLE, 
CopyType>` is not 
satisfied: the trait 
`Interface` is not 
implemented for `std::r
esult::Result<HANDLE, w
indows_result::error::E
rror>`
kren-core\src\platform\
windows.rs:63:42: 
error[E0271]: type 
mismatch resolving 
`<Result<HANDLE, 
Error> as 
TypeKind>::TypeKind == 
CopyType`: expected 
`CopyType`, found 
`InterfaceType`
kren-core\src\platform\
windows.rs:63:42: 
error[E0277]: the 
trait bound `std::resul
t::Result<HANDLE, windo
ws_result::error::Error
>: Param<HANDLE, 
CopyType>` is not 
satisfied: the trait 
`CanInto<HANDLE>` is 
not implemented for `st
d::result::Result<HANDL
E, windows_result::erro
r::Error>`
kren-core\src\platform\
windows.rs:63:42: 
error[E0277]: the 
trait bound `std::resul
t::Result<HANDLE, windo
ws_result::error::Error
>: Param<HANDLE, 
CopyType>` is not 
satisfied: the trait 
`Interface` is not 
implemented for `std::r
esult::Result<HANDLE, w
indows_result::error::E
rror>`
kren-core\src\platform\
windows.rs:72:13: 
error[E0308]: 
mismatched types: 
expected `HANDLE`, 
found `Result<HANDLE, 
Error>`
kren-core\src\platform\
windows.rs:90:19: 
error[E0599]: no 
method named 
`is_invalid` found for 
enum `std::result::Resu
lt<T, E>` in the 
current scope: method 
not found in `std::resu
lt::Result<HANDLE, wind
ows_result::error::Erro
r>`
kren-core\src\platform\
windows.rs:98:17: 
error[E0271]: type 
mismatch resolving 
`<Result<HANDLE, 
Error> as 
TypeKind>::TypeKind == 
CopyType`: expected 
`CopyType`, found 
`InterfaceType`
kren-core\src\platform\
windows.rs:98:17: 
error[E0277]: the 
trait bound `std::resul
t::Result<HANDLE, windo
ws_result::error::Error
>: Param<HANDLE, 
CopyType>` is not 
satisfied: the trait 
`CanInto<HANDLE>` is 
not implemented for `st
d::result::Result<HANDL
E, windows_result::erro
r::Error>`
kren-core\src\platform\
windows.rs:98:17: 
error[E0277]: the 
trait bound `std::resul
t::Result<HANDLE, windo
ws_result::error::Error
>: Param<HANDLE, 
CopyType>` is not 
satisfied: the trait 
`Interface` is not 
implemented for `std::r
esult::Result<HANDLE, w
indows_result::error::E
rror>`
kren-core\src\platform\
windows.rs:107:42: 
error[E0271]: type 
mismatch resolving 
`<Result<HANDLE, 
Error> as 
TypeKind>::TypeKind == 
CopyType`: expected 
`CopyType`, found 
`InterfaceType`
kren-core\src\platform\
windows.rs:107:42: 
error[E0277]: the 
trait bound `std::resul
t::Result<HANDLE, windo
ws_result::error::Error
>: Param<HANDLE, 
CopyType>` is not 
satisfied: the trait 
`CanInto<HANDLE>` is 
not implemented for `st
d::result::Result<HANDL
E, windows_result::erro
r::Error>`
kren-core\src\platform\
windows.rs:107:42: 
error[E0277]: the 
trait bound `std::resul
t::Result<HANDLE, windo
ws_result::error::Error
>: Param<HANDLE, 
CopyType>` is not 
satisfied: the trait 
`Interface` is not 
implemented for `std::r
esult::Result<HANDLE, w
indows_result::error::E
rror>`
kren-core\src\platform\
windows.rs:120:13: 
error[E0308]: 
mismatched types: 
expected `HANDLE`, 
found `Result<HANDLE, 
Error>`
error: could not 
compile `kren-core` 
(lib) due to 16 
previous errors
