
running 16 tests
test buffer::tests::test_buffer_full ... ok
test buffer::tests::test_multiple_messages ... ok
test buffer::tests::test_available_space ... ok
test buffer::tests::test_wraparound ... ok
test buffer::tests::test_buffer_empty ... ok
test buffer::tests::test_write_read_single ... ok
test header::tests::test_atomic_operations ... ok
test header::tests::test_flags ... ok
test header::tests::test_invalid_magic ... ok
test header::tests::test_header_init_and_validate ... ok
test platform::windows::tests::test_create_and_open ... ok
test header::tests::test_header_size_alignment ... ok
test tests::test_try_read_empty ... ok
test tests::test_writer_closed_flag ... ok
test tests::test_multiple_writes_reads ... ok
test tests::test_writer_reader_basic ... ok

test result: ok. 16 passed; 0 failed; 0 ignored; 0 measured; 0 filtered out; finished in 0.00s


running 4 tests
test bench_latency_64kb ... ok
test bench_latency_1kb ... ok
test bench_latency_64b ... ok
test bench_throughput_burst ... ok

test result: ok. 4 passed; 0 failed; 0 ignored; 0 measured; 0 filtered out; finished in 0.04s


running 7 tests
test stress_writer_drop_safety ... ok
test stress_empty_messages ... ok
test stress_buffer_pressure ... ok
test stress_large_message ... ok
test stress_wraparound ... ok
test stress_varying_sizes ... ok
test stress_100k_messages ... ok

test result: ok. 7 passed; 0 failed; 0 ignored; 0 measured; 0 filtered out; finished in 0.08s


running 0 tests

test result: ok. 0 passed; 0 failed; 0 ignored; 0 measured; 0 filtered out; finished in 0.00s

